============================= test session starts =============================
platform win32 -- Python 3.12.4, pytest-8.2.2, pluggy-1.5.0
rootdir: C:\ProgramData\Jenkins\.jenkins\workspace\Chat Bot
collected 1 item

test_example.py .                                                        [100%]

============================== 1 passed in 0.03s ==============================
